// Hand-written expectation (005 T037); compared as HCL, not byte for byte.
terraform {
  backend "local" {
    path = "${var.lz_account_dir}/state/account-bootstrap.tfstate"
  }

  encryption {
    key_provider "pbkdf2" "main" {
      passphrase = var.state_passphrase
    }
    method "aes_gcm" "main" {
      keys = key_provider.pbkdf2.main
    }
    state {
      method   = method.aes_gcm.main
      enforced = true
    }
    plan {
      method   = method.aes_gcm.main
      enforced = true
    }
  }
}
