// Hand-written expectation (005 T037; T038: the resolved project and its URN on the read project
// of reference mode, KD-3); compared as HCL, not byte for byte.
mock_provider "ovh" {}

variables {
  state_passphrase = "lz-offline-test-passphrase"
  project_id       = "0123456789abcdef0123456789abcdef"
}

override_data {
  target = module.project.module.project_factory.module.project.data.ovh_cloud_project.this[0]
  values = {
    iam = {
      display_name = "offline"
      id           = "offline"
      tags         = {}
      urn          = "urn:v1:eu:resource:publicCloudProject:0123456789abcdef0123456789abcdef"
    }
  }
}

run "plan" {
  command = plan
}
